89.113.136.142 - - [24/Mar/2022:10:25:20 +0000] "GET / HTTP/1.1" 200 7181 "https://childrens-knit.ru/about" "Mozilla/5.0 (X11; Linux x86_64) AppleWebKit/537.36 (KHTML, like Gecko) Chrome/92.0.4515.131 Safari/537.36"
89.113.136.142 - - [24/Mar/2022:10:25:23 +0000] "GET /css/site.css HTTP/1.1" 200 6165 "https://childrens-knit.ru/" "Mozilla/5.0 (X11; Linux x86_64) AppleWebKit/537.36 (KHTML, like Gecko) Chrome/92.0.4515.131 Safari/537.36"
89.113.136.142 - - [24/Mar/2022:10:25:23 +0000] "GET /assets/d077b2e6/css/bootstrap.css HTTP/1.1" 200 26855 "https://childrens-knit.ru/" "Mozilla/5.0 (X11; Linux x86_64) AppleWebKit/537.36 (KHTML, like Gecko) Chrome/92.0.4515.131 Safari/537.36"
89.113.136.142 - - [24/Mar/2022:10:25:23 +0000] "GET /assets/2931b837/jquery.js HTTP/1.1" 200 91409 "https://childrens-knit.ru/" "Mozilla/5.0 (X11; Linux x86_64) AppleWebKit/537.36 (KHTML, like Gecko) Chrome/92.0.4515.131 Safari/537.36"
89.113.136.142 - - [24/Mar/2022:10:25:23 +0000] "GET /assets/e65d5b08/yii.js HTTP/1.1" 200 6230 "https://childrens-knit.ru/" "Mozilla/5.0 (X11; Linux x86_64) AppleWebKit/537.36 (KHTML, like Gecko) Chrome/92.0.4515.131 Safari/537.36"
89.113.136.142 - - [24/Mar/2022:10:25:23 +0000] "GET /assets/d077b2e6/js/bootstrap.bundle.js HTTP/1.1" 200 50154 "https://childrens-knit.ru/" "Mozilla/5.0 (X11; Linux x86_64) AppleWebKit/537.36 (KHTML, like Gecko) Chrome/92.0.4515.131 Safari/537.36"
89.113.136.142 - - [24/Mar/2022:10:25:23 +0000] "GET /favicon.ico HTTP/1.1" 200 639 "https://childrens-knit.ru/" "Mozilla/5.0 (X11; Linux x86_64) AppleWebKit/537.36 (KHTML, like Gecko) Chrome/92.0.4515.131 Safari/537.36"
93.158.161.76 - - [24/Mar/2022:10:25:27 +0000] "GET /images/classroom/class_id_8/page_id_194/material_id8439/15marta-ZPP_6959.jpg HTTP/1.1" 200 7233 "-" "Mozilla/5.0 (compatible; YandexImages/3.0; +http://yandex.com/bots)"
89.113.136.142 - - [24/Mar/2022:10:25:43 +0000] "-" 408 563 "-" "-"
93.158.161.76 - - [24/Mar/2022:10:25:45 +0000] "GET /images/classroom/class_id_8/page_id_194/material_id8439/15marta-ZPP_6959.jpg HTTP/1.1" 200 7237 "-" "Mozilla/5.0 (compatible; YandexBot/3.0; +http://yandex.com/bots)"
114.119.146.230 - - [24/Mar/2022:10:26:28 +0000] "GET /images/classroom/original/1d/5fe94f62112db.pdf HTTP/1.1" 200 7124 "-" "Mozilla/5.0 (Linux; Android 7.0;) AppleWebKit/537.36 (KHTML, like Gecko) Mobile Safari/537.36 (compatible; PetalBot;+https://webmaster.petalsearch.com/site/petalbot)"
77.88.5.213 - - [24/Mar/2022:10:28:01 +0000] "GET /images/classroom/class_id_8/page_id_27/material_id9140/01-1011x641.jpg HTTP/1.1" 200 7234 "-" "Mozilla/5.0 (compatible; YandexImages/3.0; +http://yandex.com/bots)"
77.88.5.213 - - [24/Mar/2022:10:28:13 +0000] "GET /images/classroom/class_id_8/page_id_27/material_id9140/01-1011x641.jpg HTTP/1.1" 200 7235 "-" "Mozilla/5.0 (compatible; YandexBot/3.0; +http://yandex.com/bots)"
114.119.146.240 - - [24/Mar/2022:10:32:01 +0000] "GET /images/classroom/original/6a/61a241cbe66b6.pdf HTTP/1.1" 200 7128 "-" "Mozilla/5.0 (Linux; Android 7.0;) AppleWebKit/537.36 (KHTML, like Gecko) Mobile Safari/537.36 (compatible; PetalBot;+https://webmaster.petalsearch.com/site/petalbot)"
93.158.161.76 - - [24/Mar/2022:10:34:16 +0000] "GET /images/classroom/class_id_15/page_id_55/material_id5581/WhatsApp%20Image%202020-04-25%20at%2016.54.34%20(2).jpeg HTTP/1.1" 200 7233 "-" "Mozilla/5.0 (compatible; YandexImages/3.0; +http://yandex.com/bots)"
93.158.161.76 - - [24/Mar/2022:10:34:39 +0000] "GET /images/classroom/class_id_15/page_id_55/material_id5581/WhatsApp%20Image%202020-04-25%20at%2016.54.34%20(2).jpeg HTTP/1.1" 200 7236 "-" "Mozilla/5.0 (compatible; YandexBot/3.0; +http://yandex.com/bots)"
93.158.161.76 - - [24/Mar/2022:10:37:36 +0000] "GET /images/classroom/class_id_15/page_id_203/material_id3431/IMG-20190327-WA0089.jpg HTTP/1.1" 200 7237 "-" "Mozilla/5.0 (compatible; YandexImages/3.0; +http://yandex.com/bots)"
77.88.5.213 - - [24/Mar/2022:10:37:50 +0000] "GET /images/classroom/class_id_15/page_id_203/material_id3431/IMG-20190327-WA0089.jpg HTTP/1.1" 200 7238 "-" "Mozilla/5.0 (compatible; YandexBot/3.0; +http://yandex.com/bots)"
77.88.5.213 - - [24/Mar/2022:10:38:27 +0000] "GET /images/classroom/class_id_8/page_id_27/material_id7004/97e7482c-4cc7-405d-8496-5bc109c2d9b6.jpg HTTP/1.1" 200 7236 "-" "Mozilla/5.0 (compatible; YandexImages/3.0; +http://yandex.com/bots)"
77.88.5.213 - - [24/Mar/2022:10:38:33 +0000] "GET /images/classroom/class_id_16/page_id_131/material_id4902/0fe75887-4799-4249-a0a0-f29683de7092.jpg HTTP/1.1" 200 7229 "-" "Mozilla/5.0 (compatible; YandexImages/3.0; +http://yandex.com/bots)"
77.88.5.213 - - [24/Mar/2022:10:38:43 +0000] "GET /images/classroom/class_id_8/page_id_27/material_id7004/97e7482c-4cc7-405d-8496-5bc109c2d9b6.jpg HTTP/1.1" 200 7235 "-" "Mozilla/5.0 (compatible; YandexBot/3.0; +http://yandex.com/bots)"
93.158.161.76 - - [24/Mar/2022:10:38:48 +0000] "GET /images/classroom/class_id_16/page_id_131/material_id4902/0fe75887-4799-4249-a0a0-f29683de7092.jpg HTTP/1.1" 200 7236 "-" "Mozilla/5.0 (compatible; YandexBot/3.0; +http://yandex.com/bots)"
77.88.5.213 - - [24/Mar/2022:10:39:37 +0000] "GET /images/classroom/original/66/5cc10ad7aaf74.jpg HTTP/1.1" 200 7231 "-" "Mozilla/5.0 (compatible; YandexImages/3.0; +http://yandex.com/bots)"
77.88.5.213 - - [24/Mar/2022:10:39:53 +0000] "GET /images/classroom/original/66/5cc10ad7aaf74.jpg HTTP/1.1" 200 7236 "-" "Mozilla/5.0 (compatible; YandexBot/3.0; +http://yandex.com/bots)"
93.158.161.76 - - [24/Mar/2022:10:41:57 +0000] "GET /images/classroom/class_id_15/page_id_55/material_id197/20171029_115140.jpg HTTP/1.1" 200 7236 "-" "Mozilla/5.0 (compatible; YandexImages/3.0; +http://yandex.com/bots)"
93.158.161.76 - - [24/Mar/2022:10:42:21 +0000] "GET /images/classroom/class_id_15/page_id_55/material_id197/20171029_115140.jpg HTTP/1.1" 200 7238 "-" "Mozilla/5.0 (compatible; YandexBot/3.0; +http://yandex.com/bots)"
77.88.5.213 - - [24/Mar/2022:10:42:24 +0000] "GET /images/classroom/class_id_51/page_id_266/material_id9791/WhatsApp%20Image%202021-12-20%20at%2012.11.10%20(4).jpeg HTTP/1.1" 200 7235 "-" "Mozilla/5.0 (compatible; YandexImages/3.0; +http://yandex.com/bots)"
77.88.5.213 - - [24/Mar/2022:10:42:42 +0000] "GET /images/classroom/class_id_51/page_id_266/material_id9791/WhatsApp%20Image%202021-12-20%20at%2012.11.10%20(4).jpeg HTTP/1.1" 200 7233 "-" "Mozilla/5.0 (compatible; YandexBot/3.0; +http://yandex.com/bots)"
93.158.161.76 - - [24/Mar/2022:10:43:54 +0000] "GET /images/classroom/class_id_14/page_id_155/material_id7526/12.jpg HTTP/1.1" 200 7234 "-" "Mozilla/5.0 (compatible; YandexImages/3.0; +http://yandex.com/bots)"
93.158.161.76 - - [24/Mar/2022:10:44:15 +0000] "GET /images/classroom/class_id_14/page_id_155/material_id7526/12.jpg HTTP/1.1" 200 7233 "-" "Mozilla/5.0 (compatible; YandexBot/3.0; +http://yandex.com/bots)"
93.158.161.76 - - [24/Mar/2022:10:46:03 +0000] "GET /images/classroom/original/c6/6044ca688fbff.jpg HTTP/1.1" 200 7232 "-" "Mozilla/5.0 (compatible; YandexImages/3.0; +http://yandex.com/bots)"
93.158.161.76 - - [24/Mar/2022:10:46:38 +0000] "GET /images/classroom/original/c6/6044ca688fbff.jpg HTTP/1.1" 200 7230 "-" "Mozilla/5.0 (compatible; YandexBot/3.0; +http://yandex.com/bots)"
93.158.161.76 - - [24/Mar/2022:10:51:10 +0000] "GET /images/classroom/original/69/5fc4773ec239b.jpg HTTP/1.1" 200 7235 "-" "Mozilla/5.0 (compatible; YandexImages/3.0; +http://yandex.com/bots)"
93.158.161.76 - - [24/Mar/2022:10:51:17 +0000] "GET /images/classroom/class_id_16/page_id_131/material_id8764/4845d720-b6f2-47ae-abbc-9bfec53cb270.jpg HTTP/1.1" 200 7234 "-" "Mozilla/5.0 (compatible; YandexImages/3.0; +http://yandex.com/bots)"
93.158.161.76 - - [24/Mar/2022:10:51:30 +0000] "GET /images/classroom/original/69/5fc4773ec239b.jpg HTTP/1.1" 200 7233 "-" "Mozilla/5.0 (compatible; YandexBot/3.0; +http://yandex.com/bots)"
77.88.5.213 - - [24/Mar/2022:10:51:31 +0000] "GET /images/classroom/class_id_16/page_id_131/material_id8764/4845d720-b6f2-47ae-abbc-9bfec53cb270.jpg HTTP/1.1" 200 7234 "-" "Mozilla/5.0 (compatible; YandexBot/3.0; +http://yandex.com/bots)"
93.158.161.76 - - [24/Mar/2022:10:51:43 +0000] "GET /images/classroom/class_id_8/page_id_27/material_id6827/06059d8b-30ed-4d49-a16a-04b425f4c994.jpg HTTP/1.1" 200 7232 "-" "Mozilla/5.0 (compatible; YandexImages/3.0; +http://yandex.com/bots)"
93.158.161.76 - - [24/Mar/2022:10:51:58 +0000] "GET /images/classroom/class_id_8/page_id_27/material_id6827/06059d8b-30ed-4d49-a16a-04b425f4c994.jpg HTTP/1.1" 200 7235 "-" "Mozilla/5.0 (compatible; YandexBot/3.0; +http://yandex.com/bots)"
179.60.147.11 - - [24/Mar/2022:10:52:36 +0000] "GET /remote/fgt_lang?lang=/../../../..//////////dev/cmdb/sslvpn_websession HTTP/1.1" 200 10109 "-" "Python-urllib/3.8"
93.158.161.76 - - [24/Mar/2022:10:53:40 +0000] "GET /images/classroom/class_id_58/page_id_271/material_id8270/%D0%A2%D0%B5%D0%BD%D0%BD%D0%B8%D1%81%201.jpg HTTP/1.1" 200 7236 "-" "Mozilla/5.0 (compatible; YandexImages/3.0; +http://yandex.com/bots)"
93.158.161.76 - - [24/Mar/2022:10:53:50 +0000] "GET /images/classroom/class_id_58/page_id_271/material_id8270/%D0%A2%D0%B5%D0%BD%D0%BD%D0%B8%D1%81%201.jpg HTTP/1.1" 200 7237 "-" "Mozilla/5.0 (compatible; YandexBot/3.0; +http://yandex.com/bots)"
157.55.39.83 - - [24/Mar/2022:10:55:07 +0000] "GET /classroom/show-class-portfolio/41 HTTP/1.1" 200 7296 "-" "Mozilla/5.0 (compatible; bingbot/2.0; +http://www.bing.com/bingbot.htm)"
93.158.161.76 - - [24/Mar/2022:10:59:48 +0000] "GET /images/classroom/class_id_15/page_id_55/material_id5561/WhatsApp%20Image%202020-04-25%20at%2015.41.45%20(1).jpeg HTTP/1.1" 200 7234 "-" "Mozilla/5.0 (compatible; YandexImages/3.0; +http://yandex.com/bots)"
93.158.161.76 - - [24/Mar/2022:11:00:07 +0000] "GET /images/classroom/class_id_15/page_id_55/material_id5561/WhatsApp%20Image%202020-04-25%20at%2015.41.45%20(1).jpeg HTTP/1.1" 200 7234 "-" "Mozilla/5.0 (compatible; YandexBot/3.0; +http://yandex.com/bots)"
77.88.5.213 - - [24/Mar/2022:11:01:08 +0000] "GET /images/classroom/class_id_8/page_id_27/material_id4990/a4b90cd1-7a3b-4f09-b5d1-7106e9ba93e6.jpg HTTP/1.1" 200 7235 "-" "Mozilla/5.0 (compatible; YandexImages/3.0; +http://yandex.com/bots)"
93.158.161.76 - - [24/Mar/2022:11:01:19 +0000] "GET /images/classroom/class_id_8/page_id_27/material_id4990/a4b90cd1-7a3b-4f09-b5d1-7106e9ba93e6.jpg HTTP/1.1" 200 7235 "-" "Mozilla/5.0 (compatible; YandexBot/3.0; +http://yandex.com/bots)"
77.88.5.213 - - [24/Mar/2022:11:01:20 +0000] "GET /images/classroom/class_id_58/page_id_271/material_id10396/927e4257-f291-4d07-81bc-18d09118ad9b.jpg HTTP/1.1" 200 7235 "-" "Mozilla/5.0 (compatible; YandexImages/3.0; +http://yandex.com/bots)"
93.158.161.76 - - [24/Mar/2022:11:01:40 +0000] "GET /images/classroom/class_id_58/page_id_271/material_id10396/927e4257-f291-4d07-81bc-18d09118ad9b.jpg HTTP/1.1" 200 7230 "-" "Mozilla/5.0 (compatible; YandexBot/3.0; +http://yandex.com/bots)"
93.158.161.76 - - [24/Mar/2022:11:10:16 +0000] "GET /images/classroom/original/c0/5fc4429a1dec7.jpg HTTP/1.1" 200 7235 "-" "Mozilla/5.0 (compatible; YandexImages/3.0; +http://yandex.com/bots)"
93.158.161.76 - - [24/Mar/2022:11:10:28 +0000] "GET /images/classroom/original/6c/6091090115931.jpg HTTP/1.1" 200 7232 "-" "Mozilla/5.0 (compatible; YandexImages/3.0; +http://yandex.com/bots)"
93.158.161.76 - - [24/Mar/2022:11:10:37 +0000] "GET /images/classroom/original/c0/5fc4429a1dec7.jpg HTTP/1.1" 200 7236 "-" "Mozilla/5.0 (compatible; YandexBot/3.0; +http://yandex.com/bots)"
93.158.161.76 - - [24/Mar/2022:11:10:45 +0000] "GET /images/classroom/original/6c/6091090115931.jpg HTTP/1.1" 200 7239 "-" "Mozilla/5.0 (compatible; YandexBot/3.0; +http://yandex.com/bots)"
93.158.161.76 - - [24/Mar/2022:11:16:06 +0000] "GET /images/classroom/class_id_58/page_id_271/material_id10359/41733961-df45-42d7-963e-469951db607f.jpg HTTP/1.1" 200 7235 "-" "Mozilla/5.0 (compatible; YandexImages/3.0; +http://yandex.com/bots)"
93.158.161.76 - - [24/Mar/2022:11:16:28 +0000] "GET /images/classroom/class_id_58/page_id_271/material_id10359/41733961-df45-42d7-963e-469951db607f.jpg HTTP/1.1" 200 7237 "-" "Mozilla/5.0 (compatible; YandexBot/3.0; +http://yandex.com/bots)"
93.158.161.76 - - [24/Mar/2022:11:21:45 +0000] "GET /images/classroom/class_id_56/page_id_231/material_id10438/WhatsApp%20Image%202022-02-19%20at%2015.00.45.jpeg HTTP/1.1" 200 7236 "-" "Mozilla/5.0 (compatible; YandexImages/3.0; +http://yandex.com/bots)"
93.158.161.76 - - [24/Mar/2022:11:21:57 +0000] "GET /images/classroom/class_id_56/page_id_231/material_id10438/WhatsApp%20Image%202022-02-19%20at%2015.00.45.jpeg HTTP/1.1" 200 7236 "-" "Mozilla/5.0 (compatible; YandexBot/3.0; +http://yandex.com/bots)"
93.158.161.76 - - [24/Mar/2022:11:23:22 +0000] "GET /images/classroom/class_id_8/page_id_194/material_id5015/207f455e-6d80-4b1f-a683-5d4769e16fca.jpg HTTP/1.1" 200 7237 "-" "Mozilla/5.0 (compatible; YandexImages/3.0; +http://yandex.com/bots)"
93.158.161.76 - - [24/Mar/2022:11:23:37 +0000] "GET /images/classroom/class_id_8/page_id_194/material_id5015/207f455e-6d80-4b1f-a683-5d4769e16fca.jpg HTTP/1.1" 200 7235 "-" "Mozilla/5.0 (compatible; YandexBot/3.0; +http://yandex.com/bots)"
89.113.136.142 - - [24/Mar/2022:11:25:58 +0000] "GET / HTTP/1.1" 500 112675 "https://childrens-knit.ru/about" "Mozilla/5.0 (X11; Linux x86_64) AppleWebKit/537.36 (KHTML, like Gecko) Chrome/92.0.4515.131 Safari/537.36"
89.113.136.142 - - [24/Mar/2022:11:26:01 +0000] "GET /favicon.ico HTTP/1.1" 200 5842 "https://childrens-knit.ru/" "Mozilla/5.0 (X11; Linux x86_64) AppleWebKit/537.36 (KHTML, like Gecko) Chrome/92.0.4515.131 Safari/537.36"
89.113.136.142 - - [24/Mar/2022:11:27:17 +0000] "GET / HTTP/1.1" 200 2527 "https://childrens-knit.ru/about" "Mozilla/5.0 (X11; Linux x86_64) AppleWebKit/537.36 (KHTML, like Gecko) Chrome/92.0.4515.131 Safari/537.36"
89.113.136.142 - - [24/Mar/2022:11:27:18 +0000] "GET /assets/d077b2e6/css/bootstrap.css HTTP/1.1" 200 26855 "https://childrens-knit.ru/" "Mozilla/5.0 (X11; Linux x86_64) AppleWebKit/537.36 (KHTML, like Gecko) Chrome/92.0.4515.131 Safari/537.36"
89.113.136.142 - - [24/Mar/2022:11:27:18 +0000] "GET /assets/2931b837/jquery.js HTTP/1.1" 200 86770 "https://childrens-knit.ru/" "Mozilla/5.0 (X11; Linux x86_64) AppleWebKit/537.36 (KHTML, like Gecko) Chrome/92.0.4515.131 Safari/537.36"
89.113.136.142 - - [24/Mar/2022:11:27:18 +0000] "GET /assets/e65d5b08/yii.js HTTP/1.1" 200 6794 "https://childrens-knit.ru/" "Mozilla/5.0 (X11; Linux x86_64) AppleWebKit/537.36 (KHTML, like Gecko) Chrome/92.0.4515.131 Safari/537.36"
89.113.136.142 - - [24/Mar/2022:11:27:18 +0000] "GET /assets/d077b2e6/js/bootstrap.bundle.js HTTP/1.1" 200 50154 "https://childrens-knit.ru/" "Mozilla/5.0 (X11; Linux x86_64) AppleWebKit/537.36 (KHTML, like Gecko) Chrome/92.0.4515.131 Safari/537.36"
89.113.136.142 - - [24/Mar/2022:11:27:18 +0000] "GET /favicon.ico HTTP/1.1" 200 639 "https://childrens-knit.ru/" "Mozilla/5.0 (X11; Linux x86_64) AppleWebKit/537.36 (KHTML, like Gecko) Chrome/92.0.4515.131 Safari/537.36"
89.113.136.142 - - [24/Mar/2022:11:27:24 +0000] "GET /about HTTP/1.1" 200 1992 "https://childrens-knit.ru/" "Mozilla/5.0 (X11; Linux x86_64) AppleWebKit/537.36 (KHTML, like Gecko) Chrome/92.0.4515.131 Safari/537.36"
89.113.136.142 - - [24/Mar/2022:11:27:26 +0000] "GET /contact HTTP/1.1" 200 2480 "https://childrens-knit.ru/about" "Mozilla/5.0 (X11; Linux x86_64) AppleWebKit/537.36 (KHTML, like Gecko) Chrome/92.0.4515.131 Safari/537.36"
89.113.136.142 - - [24/Mar/2022:11:27:26 +0000] "GET /assets/e65d5b08/yii.validation.js HTTP/1.1" 200 4049 "https://childrens-knit.ru/contact" "Mozilla/5.0 (X11; Linux x86_64) AppleWebKit/537.36 (KHTML, like Gecko) Chrome/92.0.4515.131 Safari/537.36"
89.113.136.142 - - [24/Mar/2022:11:27:26 +0000] "GET /site/captcha?v=623c559e60be13.11705015 HTTP/1.1" 200 2244 "https://childrens-knit.ru/contact" "Mozilla/5.0 (X11; Linux x86_64) AppleWebKit/537.36 (KHTML, like Gecko) Chrome/92.0.4515.131 Safari/537.36"
89.113.136.142 - - [24/Mar/2022:11:27:26 +0000] "GET /assets/e65d5b08/yii.captcha.js HTTP/1.1" 200 1110 "https://childrens-knit.ru/contact" "Mozilla/5.0 (X11; Linux x86_64) AppleWebKit/537.36 (KHTML, like Gecko) Chrome/92.0.4515.131 Safari/537.36"
89.113.136.142 - - [24/Mar/2022:11:27:26 +0000] "GET /assets/e65d5b08/yii.activeForm.js HTTP/1.1" 200 7874 "https://childrens-knit.ru/contact" "Mozilla/5.0 (X11; Linux x86_64) AppleWebKit/537.36 (KHTML, like Gecko) Chrome/92.0.4515.131 Safari/537.36"
89.113.136.142 - - [24/Mar/2022:11:27:27 +0000] "GET /site/index HTTP/1.1" 200 1743 "https://childrens-knit.ru/contact" "Mozilla/5.0 (X11; Linux x86_64) AppleWebKit/537.36 (KHTML, like Gecko) Chrome/92.0.4515.131 Safari/537.36"
89.113.136.142 - - [24/Mar/2022:11:27:46 +0000] "-" 408 563 "-" "-"
89.113.136.142 - - [24/Mar/2022:11:28:02 +0000] "-" 408 563 "-" "-"
93.158.161.76 - - [24/Mar/2022:11:30:33 +0000] "GET /images/classroom/original/f7/5e192798b2dfe.jpg HTTP/1.1" 404 8089 "-" "Mozilla/5.0 (compatible; YandexImages/3.0; +http://yandex.com/bots)"
93.158.161.76 - - [24/Mar/2022:11:30:43 +0000] "GET /images/classroom/original/f7/5e192798b2dfe.jpg HTTP/1.1" 404 8089 "-" "Mozilla/5.0 (compatible; YandexImages/3.0; +http://yandex.com/bots)"
46.48.158.93 - - [24/Mar/2022:11:30:46 +0000] "-" 408 4758 "-" "-"
93.158.161.76 - - [24/Mar/2022:11:32:12 +0000] "GET /images/classroom/original/5a/59ec52f1b0447.jpg HTTP/1.1" 404 8089 "-" "Mozilla/5.0 (compatible; YandexImages/3.0; +http://yandex.com/bots)"
93.158.161.76 - - [24/Mar/2022:11:32:33 +0000] "GET /images/classroom/original/5a/59ec52f1b0447.jpg HTTP/1.1" 404 8089 "-" "Mozilla/5.0 (compatible; YandexImages/3.0; +http://yandex.com/bots)"
93.158.161.76 - - [24/Mar/2022:11:34:38 +0000] "GET /images/classroom/class_id_8/page_id_194/material_id6427/profstart.jpg.187x-.jpg HTTP/1.1" 404 8089 "-" "Mozilla/5.0 (compatible; YandexImages/3.0; +http://yandex.com/bots)"
93.158.161.76 - - [24/Mar/2022:11:34:50 +0000] "GET /images/classroom/class_id_8/page_id_194/material_id6427/profstart.jpg.187x-.jpg HTTP/1.1" 404 8089 "-" "Mozilla/5.0 (compatible; YandexImages/3.0; +http://yandex.com/bots)"
93.158.161.76 - - [24/Mar/2022:11:36:32 +0000] "GET /images/classroom/class_id_58/page_id_273/material_id8295/%D0%92%D0%B8%D0%BA%D0%B0%20%D0%91%D0%9F.jpg HTTP/1.1" 404 8089 "-" "Mozilla/5.0 (compatible; YandexImages/3.0; +http://yandex.com/bots)"
93.158.161.76 - - [24/Mar/2022:11:36:42 +0000] "GET /images/classroom/class_id_58/page_id_273/material_id8295/%D0%92%D0%B8%D0%BA%D0%B0%20%D0%91%D0%9F.jpg HTTP/1.1" 404 8089 "-" "Mozilla/5.0 (compatible; YandexImages/3.0; +http://yandex.com/bots)"
93.158.161.76 - - [24/Mar/2022:11:37:40 +0000] "GET /images/classroom/class_id_59/page_id_241/material_id9913/WhatsApp%20Image%202022-01-05%20at%2019.10.37%20(1).jpeg HTTP/1.1" 404 8089 "-" "Mozilla/5.0 (compatible; YandexImages/3.0; +http://yandex.com/bots)"
93.158.161.76 - - [24/Mar/2022:11:37:48 +0000] "GET /images/classroom/class_id_8/page_id_27/material_id9328/c2200d74-c821-4bb0-9b62-6270961cc5e9.jpg HTTP/1.1" 404 8089 "-" "Mozilla/5.0 (compatible; YandexImages/3.0; +http://yandex.com/bots)"
93.158.161.76 - - [24/Mar/2022:11:37:52 +0000] "GET /images/classroom/class_id_59/page_id_241/material_id9913/WhatsApp%20Image%202022-01-05%20at%2019.10.37%20(1).jpeg HTTP/1.1" 404 2901 "-" "Mozilla/5.0 (compatible; YandexImages/3.0; +http://yandex.com/bots)"
93.158.161.76 - - [24/Mar/2022:11:38:03 +0000] "GET /images/classroom/class_id_8/page_id_27/material_id9328/c2200d74-c821-4bb0-9b62-6270961cc5e9.jpg HTTP/1.1" 404 8089 "-" "Mozilla/5.0 (compatible; YandexImages/3.0; +http://yandex.com/bots)"
89.113.136.142 - - [24/Mar/2022:11:43:48 +0000] "GET /site/index HTTP/1.1" 200 6948 "https://childrens-knit.ru/contact" "Mozilla/5.0 (X11; Linux x86_64) AppleWebKit/537.36 (KHTML, like Gecko) Chrome/92.0.4515.131 Safari/537.36"
89.113.136.142 - - [24/Mar/2022:11:43:51 +0000] "GET /assets/d077b2e6/css/bootstrap.css HTTP/1.1" 200 26855 "https://childrens-knit.ru/site/index" "Mozilla/5.0 (X11; Linux x86_64) AppleWebKit/537.36 (KHTML, like Gecko) Chrome/92.0.4515.131 Safari/537.36"
89.113.136.142 - - [24/Mar/2022:11:43:51 +0000] "GET /assets/2931b837/jquery.js HTTP/1.1" 200 91409 "https://childrens-knit.ru/site/index" "Mozilla/5.0 (X11; Linux x86_64) AppleWebKit/537.36 (KHTML, like Gecko) Chrome/92.0.4515.131 Safari/537.36"
89.113.136.142 - - [24/Mar/2022:11:43:51 +0000] "GET /assets/e65d5b08/yii.js HTTP/1.1" 200 6230 "https://childrens-knit.ru/site/index" "Mozilla/5.0 (X11; Linux x86_64) AppleWebKit/537.36 (KHTML, like Gecko) Chrome/92.0.4515.131 Safari/537.36"
89.113.136.142 - - [24/Mar/2022:11:43:51 +0000] "GET /assets/d077b2e6/js/bootstrap.bundle.js HTTP/1.1" 200 50154 "https://childrens-knit.ru/site/index" "Mozilla/5.0 (X11; Linux x86_64) AppleWebKit/537.36 (KHTML, like Gecko) Chrome/92.0.4515.131 Safari/537.36"
89.113.136.142 - - [24/Mar/2022:11:43:52 +0000] "GET /favicon.ico HTTP/1.1" 200 639 "https://childrens-knit.ru/site/index" "Mozilla/5.0 (X11; Linux x86_64) AppleWebKit/537.36 (KHTML, like Gecko) Chrome/92.0.4515.131 Safari/537.36"
89.113.136.142 - - [24/Mar/2022:11:43:55 +0000] "GET / HTTP/1.1" 200 1745 "-" "Mozilla/5.0 (X11; Linux x86_64) AppleWebKit/537.36 (KHTML, like Gecko) Chrome/92.0.4515.131 Safari/537.36"
89.113.136.142 - - [24/Mar/2022:11:44:04 +0000] "GET /about HTTP/1.1" 200 1994 "https://childrens-knit.ru/" "Mozilla/5.0 (X11; Linux x86_64) AppleWebKit/537.36 (KHTML, like Gecko) Chrome/92.0.4515.131 Safari/537.36"
89.113.136.142 - - [24/Mar/2022:11:44:09 +0000] "GET / HTTP/1.1" 200 1748 "https://childrens-knit.ru/about" "Mozilla/5.0 (X11; Linux x86_64) AppleWebKit/537.36 (KHTML, like Gecko) Chrome/92.0.4515.131 Safari/537.36"
93.158.161.76 - - [24/Mar/2022:11:44:20 +0000] "GET /robots.txt HTTP/1.1" 200 5516 "-" "Mozilla/5.0 (compatible; YandexBot/3.0; +http://yandex.com/bots)"
93.158.161.76 - - [24/Mar/2022:11:44:23 +0000] "GET /images/classroom/class_id_16/page_id_131/material_id2134/u-5jTMvxnKk.jpg HTTP/1.1" 404 2901 "-" "Mozilla/5.0 (compatible; YandexImages/3.0; +http://yandex.com/bots)"
89.113.136.142 - - [24/Mar/2022:11:44:25 +0000] "-" 408 563 "-" "-"
77.88.5.213 - - [24/Mar/2022:11:44:36 +0000] "GET /images/classroom/class_id_16/page_id_131/material_id2134/u-5jTMvxnKk.jpg HTTP/1.1" 404 8089 "-" "Mozilla/5.0 (compatible; YandexImages/3.0; +http://yandex.com/bots)"
77.88.5.243 - - [24/Mar/2022:11:46:44 +0000] "GET /images/classroom/class_id_8/page_id_27/material_id5445/5ca6bb2b-9561-4a61-9b68-5053f8c00bc0.jpg HTTP/1.1" 404 8089 "-" "Mozilla/5.0 (compatible; YandexImages/3.0; +http://yandex.com/bots)"
77.88.5.29 - - [24/Mar/2022:11:47:07 +0000] "GET /images/classroom/class_id_8/page_id_27/material_id5445/5ca6bb2b-9561-4a61-9b68-5053f8c00bc0.jpg HTTP/1.1" 404 8089 "-" "Mozilla/5.0 (compatible; YandexImages/3.0; +http://yandex.com/bots)"
77.88.5.5 - - [24/Mar/2022:11:47:12 +0000] "GET /images/classroom/class_id_15/page_id_55/material_id5490/WhatsApp%20Image%202020-04-25%20at%2013.16.22%20(3).jpeg HTTP/1.1" 404 8089 "-" "Mozilla/5.0 (compatible; YandexImages/3.0; +http://yandex.com/bots)"
77.88.5.226 - - [24/Mar/2022:11:47:26 +0000] "GET /images/classroom/class_id_15/page_id_55/material_id5490/WhatsApp%20Image%202020-04-25%20at%2013.16.22%20(3).jpeg HTTP/1.1" 404 8089 "-" "Mozilla/5.0 (compatible; YandexImages/3.0; +http://yandex.com/bots)"
77.88.5.54 - - [24/Mar/2022:11:48:02 +0000] "GET /images/classroom/class_id_3/page_id_15/material_id900/P_20180130_075757_HDR.jpg HTTP/1.1" 404 8089 "-" "Mozilla/5.0 (compatible; YandexImages/3.0; +http://yandex.com/bots)"
77.88.5.241 - - [24/Mar/2022:11:48:17 +0000] "GET /images/classroom/class_id_3/page_id_15/material_id900/P_20180130_075757_HDR.jpg HTTP/1.1" 404 8089 "-" "Mozilla/5.0 (compatible; YandexImages/3.0; +http://yandex.com/bots)"
81.9.113.111 - - [24/Mar/2022:11:50:28 +0000] "-" 408 5259 "-" "-"
89.113.136.142 - - [24/Mar/2022:11:50:39 +0000] "GET /login HTTP/1.1" 200 7442 "https://childrens-knit.ru/" "Mozilla/5.0 (X11; Linux x86_64) AppleWebKit/537.36 (KHTML, like Gecko) Chrome/92.0.4515.131 Safari/537.36"
89.113.136.142 - - [24/Mar/2022:11:50:40 +0000] "GET /assets/e65d5b08/yii.validation.js HTTP/1.1" 200 3485 "https://childrens-knit.ru/login" "Mozilla/5.0 (X11; Linux x86_64) AppleWebKit/537.36 (KHTML, like Gecko) Chrome/92.0.4515.131 Safari/537.36"
89.113.136.142 - - [24/Mar/2022:11:50:40 +0000] "GET /assets/e65d5b08/yii.activeForm.js HTTP/1.1" 200 13077 "https://childrens-knit.ru/login" "Mozilla/5.0 (X11; Linux x86_64) AppleWebKit/537.36 (KHTML, like Gecko) Chrome/92.0.4515.131 Safari/537.36"
89.113.136.142 - - [24/Mar/2022:11:50:59 +0000] "-" 408 5202 "-" "-"
77.88.5.49 - - [24/Mar/2022:11:53:15 +0000] "GET /images/classroom/class_id_58/page_id_271/material_id7883/zarniza.jpg HTTP/1.1" 404 8089 "-" "Mozilla/5.0 (compatible; YandexImages/3.0; +http://yandex.com/bots)"
93.158.161.66 - - [24/Mar/2022:11:53:41 +0000] "GET /images/classroom/class_id_58/page_id_271/material_id7883/zarniza.jpg HTTP/1.1" 404 8089 "-" "Mozilla/5.0 (compatible; YandexImages/3.0; +http://yandex.com/bots)"
93.158.161.49 - - [24/Mar/2022:11:54:11 +0000] "GET /images/classroom/class_id_15/page_id_55/material_id2789/20190120_181543.jpg HTTP/1.1" 404 8089 "-" "Mozilla/5.0 (compatible; YandexImages/3.0; +http://yandex.com/bots)"
93.158.161.55 - - [24/Mar/2022:11:54:27 +0000] "GET /images/classroom/class_id_15/page_id_55/material_id2789/20190120_181543.jpg HTTP/1.1" 404 8089 "-" "Mozilla/5.0 (compatible; YandexImages/3.0; +http://yandex.com/bots)"
176.106.150.178 - - [24/Mar/2022:11:55:29 +0000] "-" 408 5259 "-" "-"
77.88.5.136 - - [24/Mar/2022:11:56:23 +0000] "GET /images/classroom/original/79/5e1bffd78a778.jpg HTTP/1.1" 404 8089 "-" "Mozilla/5.0 (compatible; YandexImages/3.0; +http://yandex.com/bots)"
77.88.5.213 - - [24/Mar/2022:11:56:36 +0000] "GET /images/classroom/original/79/5e1bffd78a778.jpg HTTP/1.1" 404 8089 "-" "Mozilla/5.0 (compatible; YandexImages/3.0; +http://yandex.com/bots)"
89.113.136.142 - - [24/Mar/2022:11:57:18 +0000] "GET /signup HTTP/1.1" 404 7818 "-" "Mozilla/5.0 (X11; Linux x86_64) AppleWebKit/537.36 (KHTML, like Gecko) Chrome/92.0.4515.131 Safari/537.36"
89.113.136.142 - - [24/Mar/2022:11:57:18 +0000] "GET /assets/d077b2e6/css/bootstrap.css HTTP/1.1" 200 26855 "https://childrens-knit.ru/signup" "Mozilla/5.0 (X11; Linux x86_64) AppleWebKit/537.36 (KHTML, like Gecko) Chrome/92.0.4515.131 Safari/537.36"
89.113.136.142 - - [24/Mar/2022:11:57:18 +0000] "GET /assets/2931b837/jquery.js HTTP/1.1" 200 91409 "https://childrens-knit.ru/signup" "Mozilla/5.0 (X11; Linux x86_64) AppleWebKit/537.36 (KHTML, like Gecko) Chrome/92.0.4515.131 Safari/537.36"
89.113.136.142 - - [24/Mar/2022:11:57:18 +0000] "GET /assets/e65d5b08/yii.js HTTP/1.1" 200 6794 "https://childrens-knit.ru/signup" "Mozilla/5.0 (X11; Linux x86_64) AppleWebKit/537.36 (KHTML, like Gecko) Chrome/92.0.4515.131 Safari/537.36"
89.113.136.142 - - [24/Mar/2022:11:57:18 +0000] "GET /assets/d077b2e6/js/bootstrap.bundle.js HTTP/1.1" 200 50154 "https://childrens-knit.ru/signup" "Mozilla/5.0 (X11; Linux x86_64) AppleWebKit/537.36 (KHTML, like Gecko) Chrome/92.0.4515.131 Safari/537.36"
64.227.174.24 - - [24/Mar/2022:11:57:32 +0000] "GET / HTTP/1.0" 400 627 "-" "-"
64.227.174.24 - - [24/Mar/2022:11:57:34 +0000] "GET / HTTP/1.0" 400 627 "-" "-"
64.227.174.24 - - [24/Mar/2022:11:57:35 +0000] "GET /system_api.php HTTP/1.1" 404 8021 "-" "Mozilla/5.0 (Windows NT 10.0; Win64; x64) AppleWebKit/537.36 (KHTML, like Gecko) Chrome/74.0.3729.169 Safari/537.36"
64.227.174.24 - - [24/Mar/2022:11:57:37 +0000] "GET / HTTP/1.0" 400 627 "-" "-"
64.227.174.24 - - [24/Mar/2022:11:57:38 +0000] "GET /c/version.js HTTP/1.1" 404 8021 "-" "Mozilla/5.0 (Windows NT 10.0; Win64; x64) AppleWebKit/537.36 (KHTML, like Gecko) Chrome/74.0.3729.169 Safari/537.36"
64.227.174.24 - - [24/Mar/2022:11:57:40 +0000] "GET / HTTP/1.0" 400 627 "-" "-"
64.227.174.24 - - [24/Mar/2022:11:57:41 +0000] "GET /streaming/clients_live.php HTTP/1.1" 404 8021 "-" "Mozilla/5.0 (Windows NT 10.0; Win64; x64) AppleWebKit/537.36 (KHTML, like Gecko) Chrome/74.0.3729.169 Safari/537.36"
64.227.174.24 - - [24/Mar/2022:11:57:43 +0000] "GET / HTTP/1.0" 400 627 "-" "-"
64.227.174.24 - - [24/Mar/2022:11:57:44 +0000] "GET /stalker_portal/c/version.js HTTP/1.1" 404 8021 "-" "Mozilla/5.0 (Windows NT 10.0; Win64; x64) AppleWebKit/537.36 (KHTML, like Gecko) Chrome/74.0.3729.169 Safari/537.36"
64.227.174.24 - - [24/Mar/2022:11:57:46 +0000] "GET / HTTP/1.0" 400 627 "-" "-"
64.227.174.24 - - [24/Mar/2022:11:57:47 +0000] "GET /stream/live.php HTTP/1.1" 404 8021 "-" "AlexaMediaPlayer/2.1.4676.0 (Linux;Android 5.1.1) ExoPlayerLib/1.5.9"
64.227.174.24 - - [24/Mar/2022:11:57:49 +0000] "GET / HTTP/1.0" 400 627 "-" "-"
64.227.174.24 - - [24/Mar/2022:11:57:50 +0000] "GET /flu/403.html HTTP/1.1" 404 8021 "-" "Mozilla/5.0 (Windows NT 10.0; Win64; x64) AppleWebKit/537.36 (KHTML, like Gecko) Chrome/74.0.3729.169 Safari/537.36"
64.227.174.24 - - [24/Mar/2022:11:57:52 +0000] "GET / HTTP/1.0" 400 627 "-" "-"
64.227.174.24 - - [24/Mar/2022:11:57:53 +0000] "GET / HTTP/1.1" 200 7150 "-" "Mozilla/5.0 (Windows NT 10.0; Win64; x64) AppleWebKit/537.36 (KHTML, like Gecko) Chrome/74.0.3729.169 Safari/537.36"
93.158.161.76 - - [24/Mar/2022:12:00:32 +0000] "GET /images/classroom/class_id_59/page_id_241/material_id8383/WhatsApp%20Image%202021-03-12%20at%2019.41.16%20(2).jpeg HTTP/1.1" 404 8089 "-" "Mozilla/5.0 (compatible; YandexImages/3.0; +http://yandex.com/bots)"
93.158.161.76 - - [24/Mar/2022:12:00:55 +0000] "GET /images/classroom/class_id_59/page_id_241/material_id8383/WhatsApp%20Image%202021-03-12%20at%2019.41.16%20(2).jpeg HTTP/1.1" 404 8089 "-" "Mozilla/5.0 (compatible; YandexImages/3.0; +http://yandex.com/bots)"
